// Vitest Snapshot v1, https://vitest.dev/guide/snapshot.html

exports[`CustomSearchBar > Should render CustomSearchBar correctly 1`] = `
<div>
  <div
    class="search-container"
  >
    <input
      placeholder="Buscar"
      type="text"
      value=""
    />
    <button>
      Buscar
    </button>
  </div>
</div>
`;
